
> el-elegido@0.6.0 dev
> vite --host 127.0.0.1 --port 5173 --strictPort


  [32m[1mVITE[22m v6.4.3[39m  [2mready in [0m[1m209[22m[2m[0m ms[22m

  [32m➜[39m  [1mLocal[22m:   [36mhttp://127.0.0.1:[1m5173[22m/[39m
[2m01:55:20[22m [36m[1m[vite][22m[39m [90m[2m(client)[22m[39m [32mhmr update [39m[2m/src/components/Dashboards.tsx, /src/components/Sidebar.tsx, /src/components/App.tsx, /src/components/RaceControl.tsx, /src/components/ui.tsx[22m
[2m01:55:20[22m [36m[1m[vite][22m[39m [90m[2m(client)[22m[39m [32mhmr update [39m[2m/src/components/Dashboards.tsx, /src/components/Sidebar.tsx, /src/components/App.tsx, /src/components/RaceControl.tsx, /src/components/ui.tsx[22m
[2m01:55:39[22m [36m[1m[vite][22m[39m [90m[2m(client)[22m[39m [32mhmr update [39m[2m/src/components/App.tsx[22m
[2m01:56:03[22m [36m[1m[vite][22m[39m [90m[2m(client)[22m[39m [32mhmr update [39m[2m/src/components/Minigames.tsx[22m
[2m01:56:37[22m [36m[1m[vite][22m[39m [90m[2m(client)[22m[39m [32mhmr update [39m[2m/src/components/Minigames.tsx[22m
[2m01:56:50[22m [36m[1m[vite][22m[39m [90m[2m(client)[22m[39m [32mhmr update [39m[2m/src/components/Minigames.tsx[22m
[2m01:57:31[22m [36m[1m[vite][22m[39m [90m[2m(client)[22m[39m [32mhmr update [39m[2m/src/components/Dashboards.tsx, /src/components/Celebration.tsx, /src/components/Sidebar.tsx, /src/components/Layout.tsx, /src/components/SetupPanel.tsx, /src/components/RaceControl.tsx, /src/components/ui.tsx, /src/components/App.tsx, /src/components/Minigames.tsx[22m
[2m01:57:32[22m [36m[1m[vite][22m[39m [90m[2m(client)[22m[39m [32mhmr update [39m[2m/src/components/Dashboards.tsx, /src/components/Celebration.tsx, /src/components/Sidebar.tsx, /src/components/Layout.tsx, /src/components/SetupPanel.tsx, /src/components/RaceControl.tsx, /src/components/ui.tsx, /src/components/App.tsx, /src/components/Minigames.tsx[22m
[2m01:57:46[22m [36m[1m[vite][22m[39m [90m[2m(client)[22m[39m [32mhmr update [39m[2m/src/components/Dashboards.tsx, /src/components/Celebration.tsx, /src/components/Sidebar.tsx, /src/components/Layout.tsx, /src/components/SetupPanel.tsx, /src/components/RaceControl.tsx, /src/components/ui.tsx, /src/components/App.tsx, /src/components/Minigames.tsx[22m
[2m01:57:46[22m [36m[1m[vite][22m[39m [90m[2m(client)[22m[39m [32mhmr update [39m[2m/src/components/Dashboards.tsx, /src/components/Celebration.tsx, /src/components/Sidebar.tsx, /src/components/Layout.tsx, /src/components/SetupPanel.tsx, /src/components/RaceControl.tsx, /src/components/ui.tsx, /src/components/App.tsx, /src/components/Minigames.tsx[22m
[2m01:58:03[22m [36m[1m[vite][22m[39m [90m[2m(client)[22m[39m [32mhmr update [39m[2m/src/components/Dashboards.tsx, /src/components/Celebration.tsx, /src/components/Sidebar.tsx, /src/components/Layout.tsx, /src/components/SetupPanel.tsx, /src/components/RaceControl.tsx, /src/components/ui.tsx, /src/components/App.tsx, /src/components/Minigames.tsx[22m
[2m01:58:04[22m [36m[1m[vite][22m[39m [90m[2m(client)[22m[39m [32mhmr update [39m[2m/src/components/Dashboards.tsx, /src/components/Celebration.tsx, /src/components/Sidebar.tsx, /src/components/Layout.tsx, /src/components/SetupPanel.tsx, /src/components/RaceControl.tsx, /src/components/ui.tsx, /src/components/App.tsx, /src/components/Minigames.tsx[22m
[2m01:58:39[22m [36m[1m[vite][22m[39m [90m[2m(client)[22m[39m [32mhmr update [39m[2m/src/components/Dashboards.tsx, /src/components/Celebration.tsx, /src/components/Sidebar.tsx, /src/components/Layout.tsx, /src/components/SetupPanel.tsx, /src/components/RaceControl.tsx, /src/components/ui.tsx, /src/components/App.tsx, /src/components/Minigames.tsx[22m
[2m01:58:40[22m [36m[1m[vite][22m[39m [90m[2m(client)[22m[39m [32mhmr update [39m[2m/src/components/Dashboards.tsx, /src/components/Celebration.tsx, /src/components/Sidebar.tsx, /src/components/Layout.tsx, /src/components/SetupPanel.tsx, /src/components/RaceControl.tsx, /src/components/ui.tsx, /src/components/App.tsx, /src/components/Minigames.tsx[22m
[2m01:59:30[22m [36m[1m[vite][22m[39m [90m[2m(client)[22m[39m [32mhmr update [39m[2m/src/components/App.tsx[22m
[2m01:59:41[22m [36m[1m[vite][22m[39m [90m[2m(client)[22m[39m [32mhmr update [39m[2m/src/components/App.tsx[22m
[2m02:00:00[22m [36m[1m[vite][22m[39m [90m[2m(client)[22m[39m [32mhmr update [39m[2m/src/components/Sidebar.tsx[22m
